// Jest Snapshot v1, https://goo.gl/fbAQLP

exports[`signUp Saga Expect to have unit tests specified 1`] = `
Object {
  "@@redux-saga/IO": true,
  "SELECT": Object {
    "args": Array [],
    "selector": [Function],
  },
}
`;
